data/saved_data/run_2025_04_30_1649_no_targetdemand_no_stickiness/firm_data.csv
Step,AgentID,FirmType,Profit,Inventory,ProductPrice,RevenuePerEmployee,ProductionLevel,NumEmployees,DemandReceived,InventoryDemandRatio,SellThroughRate,ProductionCapacity,Revenue,Costs,Markup,ProducedUnits,IncomeBracket,NumPeople,SpendRatio,PostTaxIncome,HouseholdExpense,HouseholdSavings,HealthLevel,Welfare,SkillLevel,SkillType,JobLevel,IsEmployed,Wage
5,19,necessity,479244.789106185,8918.2,354.378356366609,8615.461420959082,0.1,88.0,2030.0,,,7782.0,749545.1436234401,270300.35451725504,0.020000000000000004,778.0,,,,,,,,,,,,0,
6,19,necessity,160709.56665155455,7666.200000000001,725.2767108163389,8174.864357093367,0.1,87.0,1031.0,,,7782.0,719388.0634242164,558678.4967726618,0.01,778.0,,,,,,,,,,,,0,
7,19,necessity,477459.9343343904,7413.200000000001,350.90405875517166,8594.945848869487,0.1,88.0,2547.0,,,7782.0,747760.2888516454,270300.35451725504,0.010000000000000004,778.0,,,,,,,,,,,,0,
8,19,necessity,329357.7512436862,5644.200000000001,732.6977307674753,10156.279973288889,0.1,89.0,785.0,,,7782.0,893752.6376494223,564394.8864057361,0.01,778.0,,,,,,,,,,,,0,
9,19,necessity,-181906.43292227958,5637.200000000001,982.8340515522635,6462.558636544585,0.1,88.0,702.0,,,7782.0,575167.7186524681,757074.1515747476,0.01,778.0,,,,,,,,,,,,0,
10,19,necessity,226969.88450342236,5713.200000000001,601.04037953996,7840.335274882829,0.1,89.0,672.0,,,7782.0,689949.504189689,462979.6196862666,0.01,778.0,,,,,,,,,,,,0,
11,19,necessity,-409264.0963311627,5819.200000000001,1055.6489237020398,4538.192528661271,0.1,88.0,299.0,,,7782.0,403899.13505085313,813163.2313820159,0.01,778.0,,,,,,,,,,,,0,
12,19,necessity,-147340.59149935667,6298.200000000001,601.04037953996,3586.8071384876125,0.1,87.0,528.0,,,7782.0,315639.0281869099,462979.6196862666,0.01,778.0,,,,,,,,,,,,0,
13,19,necessity,47048.96587984386,6548.200000000001,350.90405875517166,3647.6933378976887,0.1,88.0,1478.0,,,7782.0,317349.3203970989,270300.35451725504,0.01,778.0,,,,,,,,,,,,0,
14,19,necessity,-34393.55638398044,5848.200000000001,717.9435116432159,5893.593168637997,0.1,89.0,481.0,,,7782.0,518636.19884014374,553029.7552241242,0.01,778.0,,,,,,,,,,,,0,
15,19,necessity,-426791.0255602306,6145.200000000001,1002.3689874098388,3880.121675285245,0.1,88.0,1149.0,,,7782.0,345330.8291003868,772121.8546606174,0.01,778.0,,,,,,,,,,,,0,
16,19,necessity,662329.5125801567,5774.200000000001,635.3295345217945,13087.749619703465,0.1,89.0,997.0,,,7782.0,1151721.966533905,489392.4539537482,0.01,778.0,,,,,,,,,,,,0,
17,19,necessity,-178334.58527316782,5555.200000000001,1069.475685606306,7117.118493463247,0.1,88.0,399.0,,,7782.0,633423.545918229,811758.1311913969,0.025,778.0,,,,,,,,,,,,0,
18,19,necessity,-62671.65539683215,5934.200000000001,635.3295345217945,4849.099983601319,0.1,87.0,816.0,,,7782.0,426720.79855691607,489392.4539537482,0.01,778.0,,,,,,,,,,,,0,
19,19,necessity,248128.54565252922,5896.200000000001,350.90405875517166,5958.952875514761,0.1,88.0,2218.0,,,7782.0,518428.90016978426,270300.35451725504,0.01,778.0,,,,,,,,,,,,0,
20,19,necessity,231985.2122662553,4456.200000000001,709.2328910591384,8844.377299079213,0.1,89.0,1217.0,,,7782.0,778305.2023189707,546319.9900527154,0.01,778.0,,,,,,,,,,,,0,
21,19,necessity,102856.22460613865,4017.2000000000007,1001.6545088772482,9698.162117067095,0.1,90.0,431.0,,,7782.0,863136.4284189715,760280.2038128328,0.025,778.0,,,,,,,,,,,,0,
22,19,necessity,-790959.6397710632,4364.200000000001,1587.2743686900444,4796.812148067711,0.1,89.0,288.0,,,7782.0,431713.093326094,1222672.7330971572,0.01,778.0,,,,,,,,,,,,0,
23,19,necessity,-303145.1856301,4854.200000000001,986.996150210752,5136.34851890711,0.1,90.0,321.0,,,7782.0,457135.0181827328,760280.2038128328,0.01,778.0,,,,,,,,,,,,0,
24,19,necessity,-897860.3320611431,5311.200000000001,1576.9061126795327,3520.2862690850156,0.1,89.0,290.0,,,7782.0,316825.7642176514,1214686.0962787946,0.01,778.0,,,,,,,,,,,,0,
25,19,necessity,-302977.43113576836,5799.200000000001,986.996150210752,5138.233400865893,0.1,90.0,669.0,,,7782.0,457302.77267706447,760280.2038128328,0.01,778.0,,,,,,,,,,,,0,
26,19,necessity,-678606.1845304547,5908.200000000001,1738.1692459813535,7336.671383233257,0.1,91.0,626.0,,,7782.0,660300.4244909931,1338906.6090214478,0.01,778.0,,,,,,,,,,,,0,
27,19,necessity,-472367.28265516064,6060.200000000001,2025.79156930603,11957.076351476124,0.1,92.0,410.0,,,7782.0,1088093.9479843273,1560461.230639488,0.01,778.0,,,,,,,,,,,,0,
28,19,necessity,-1055840.3118938603,6428.200000000001,2448.9447318939347,9027.984167559482,0.1,91.0,93.0,,,7782.0,830574.5434154723,1886414.8553093325,0.01,778.0,,,,,,,,,,,,0,
29,19,necessity,-1080036.5900345815,7113.200000000001,1697.7716361233329,2502.767693034461,0.1,90.0,238.0,,,7782.0,227751.86006613594,1307788.4501007174,0.01,778.0,,,,,,,,,,,,0,
30,19,necessity,-627699.1651679038,7653.200000000001,1339.442803819366,4489.662771081703,0.1,91.0,536.0,,,7782.0,404069.64939735323,1031768.814565257,0.01,778.0,,,,,,,,,,,,0,
5,26,necessity,266311.51014430105,6734.5,346.45357371610316,6990.9374602886655,0.1,67.0,1248.0,,,5805.0,461401.8723790519,195090.36223475088,0.030000000000000002,580.0,,,,,,,,,,,,0,
6,26,necessity,-35508.73264073202,6066.5,814.761413362158,6453.344179070101,0.1,66.0,704.0,,,5805.0,432374.0599976968,467882.7926384288,0.01,580.0,,,,,,,,,,,,0,
7,26,necessity,378501.67277220835,5942.5,339.72631985753804,8690.788409196351,0.1,67.0,3049.0,,,5805.0,573592.0350069592,195090.36223475088,0.010000000000000004,580.0,,,,,,,,,,,,0,
8,26,necessity,577092.3392014636,3473.5,798.8285195616949,15460.082824561694,0.1,68.0,1008.0,,,5805.0,1035825.5492456335,458733.21004416986,0.01,580.0,,,,,,,,,,,,0,
9,26,necessity,140184.08434844343,3045.5,1158.0782980092486,11841.458054679242,0.1,67.0,148.0,,,5805.0,805219.1477181885,665035.063369745,0.01,580.0,,,,,,,,,,,,0,
10,26,necessity,-229996.6274549574,3477.5,698.9760983050919,2558.14310605028,0.1,66.0,411.0,,,5805.0,171395.58810536878,401392.2155603262,0.01,580.0,,,,,,,,,,,,0,
11,26,necessity,79445.20073420252,3646.5,361.917784593042,4352.714793990799,0.1,67.0,1911.0,,,5805.0,287279.17640339275,207833.97566919023,0.01,580.0,,,,,,,,,,,,0,
12,26,necessity,211991.04020644858,2315.5,855.8983274314418,10322.759497870198,0.1,68.0,1176.0,,,5805.0,691624.8863573032,479633.84615085466,0.034999999999999996,580.0,,,,,,,,,,,,0,
13,26,necessity,335096.6371438744,1719.5,1227.1141076608915,14802.006368520228,0.1,69.0,633.0,,,5805.0,1006536.4330593755,671439.7959155011,0.06,580.0,,,,,,,,,,,,0,
14,26,necessity,-318995.01739957253,1666.5,1974.254080542007,11257.43811810644,0.1,68.0,334.0,,,5805.0,776763.2301493443,1095758.2475489168,0.045,580.0,,,,,,,,,,,,0,
15,26,necessity,-12038.933014470735,1912.5,1169.2313667334909,9697.071513250447,0.1,67.0,417.0,,,5805.0,659400.8629010303,671439.7959155011,0.010000000000000002,580.0,,,,,,,,,,,,0,
16,26,necessity,87929.55449402897,2075.5,695.9246965383627,7277.156416833816,0.1,66.0,949.0,,,5805.0,487569.4799278657,399639.9254338367,0.01,580.0,,,,,,,,,,,,0,
17,26,necessity,452598.56134571595,1706.5,363.7094567939976,10006.553591134942,0.1,67.0,1189.0,,,5805.0,660432.5370149062,207833.97566919023,0.015,580.0,,,,,,,,,,,,0,
18,26,necessity,-48676.31774395122,1097.5,862.7102335934221,6454.485733254674,0.1,66.0,265.0,,,5805.0,432450.5441280632,481126.8618720144,0.039999999999999994,580.0,,,,,,,,,,,,0,
19,26,necessity,20784.236233066622,1412.5,370.87614559782025,3463.912301549346,0.1,65.0,1086.0,,,5805.0,228618.21190225685,207833.97566919023,0.034999999999999996,580.0,,,,,,,,,,,,0,
20,26,necessity,-3970790.6282243817,906.5,7917.655552660586,6196.484524911274,0.1,66.0,62.0,,,5805.0,402771.4941192328,4373562.122343615,0.05,580.0,,,,,,,,,,,,0,
21,26,necessity,280184.624565823,1424.5,366.9260681537907,7437.797640378127,0.1,67.0,2279.0,,,5805.0,490894.64426495635,210710.01969913335,0.01,580.0,,,,,,,,,,,,0,
5,34,necessity,-146634.07741547708,4548.3,1659.0446826344516,17287.277468458367,0.1,31.0,68.0,,,4073.0,518618.324053751,665252.4014692281,0.015000000000000003,407.0,,,,,,,,,,,,0,
6,34,necessity,-849866.264401476,4887.3,2388.9634237343034,3639.194787714281,0.1,30.0,60.0,,,4073.0,112815.03841914271,962681.3028206187,0.01,407.0,,,,,,,,,,,,0,
7,34,necessity,-565859.544238186,5234.3,1759.924622601823,4777.926847468607,0.1,31.0,408.0,,,4073.0,143337.8054240582,709197.3496622442,0.01,407.0,,,,,,,,,,,,0,
8,34,necessity,-352387.3036407004,5233.3,2656.3658783845226,23162.87890392077,0.1,32.0,160.0,,,4073.0,718049.2460215439,1070436.5496622443,0.01,407.0,,,,,,,,,,,,0,
9,34,necessity,-1048608.384934424,5480.3,3656.9120173803317,13281.829391922613,0.1,31.0,116.0,,,4073.0,425018.5405415236,1473626.9254759476,0.01,407.0,,,,,,,,,,,,0,
10,34,necessity,-646234.7556461259,5771.3,2656.3658783845226,13683.928839229628,0.1,32.0,321.0,,,4073.0,424201.79401611845,1070436.5496622443,0.01,407.0,,,,,,,,,,,,0,
11,34,necessity,-672000.7645901758,5857.3,3783.63918890291,26646.670217544743,0.1,33.0,156.0,,,4073.0,852693.4469614318,1524694.2115516076,0.01,407.0,,,,,,,,,,,,0,
12,34,necessity,-1147605.7090117042,6108.3,4312.609219638217,17886.29434754103,0.1,32.0,112.0,,,4073.0,590247.713468854,1737853.422480558,0.01,407.0,,,,,,,,,,,,0,
13,34,necessity,-800583.5279917144,6403.3,3185.33590911983,15094.13226873376,0.1,31.0,126.0,,,4073.0,483012.2325994803,1283595.7605911947,0.01,407.0,,,,,,,,,,,,0,
14,34,necessity,-584814.5346907054,6684.3,2447.244534115375,12946.849179003179,0.1,30.0,93.0,,,4073.0,401352.32454909856,986166.859239804,0.01,407.0,,,,,,,,,,,,0,
15,34,necessity,-397333.9175670742,6998.3,1550.803278332675,7586.458055757662,0.1,29.0,517.0,,,4073.0,227593.74167272987,624927.659239804,0.01,407.0,,,,,,,,,,,,0,
16,34,necessity,363266.9557758086,6888.3,1088.1654089072256,27647.07913441355,0.1,30.0,79.0,,,4073.0,801765.294897993,438498.3391221844,0.01,407.0,,,,,,,,,,,,0,
17,34,necessity,-632151.4314901121,7216.3,1782.0581375913087,2865.502243455694,0.1,29.0,225.0,,,4073.0,85965.06730367082,718116.4987937829,0.01,407.0,,,,,,,,,,,,0,
18,34,necessity,-37535.25816413993,7398.3,1088.1654089072256,13826.313136484292,0.1,30.0,395.0,,,4073.0,400963.08095804445,438498.3391221844,0.01,407.0,,,,,,,,,,,,0,
19,34,necessity,-304527.21363161365,7410.3,1849.413665981089,14327.51121727847,0.1,31.0,201.0,,,4073.0,429825.33651835413,734352.5501499678,0.025,407.0,,,,,,,,,,,,0,
20,34,necessity,-641501.1860765836,7616.3,2514.4119502549343,11991.359576199964,0.1,30.0,237.0,,,4073.0,371732.1468621989,1013233.3329387824,0.010000000000000002,407.0,,,,,,,,,,,,0,
21,34,necessity,-138436.91793954838,7786.3,1822.3490757472196,19863.85440701398,0.1,31.0,78.0,,,4073.0,595915.6322104194,734352.5501499678,0.01,407.0,,,,,,,,,,,,0,
22,34,necessity,-872140.0406495706,8115.299999999999,2517.017441588243,4585.26541639623,0.1,30.0,247.0,,,4073.0,142143.22790828312,1014283.2685578538,0.01,407.0,,,,,,,,,,,,0,
23,34,necessity,-112649.2420776718,8275.3,1822.3490757472196,20723.443602409865,0.1,31.0,313.0,,,4073.0,621703.308072296,734352.5501499678,0.01,407.0,,,,,,,,,,,,0,
24,34,necessity,-415968.5630257742,8369.3,2447.73331578444,18399.84711964128,0.1,30.0,163.0,,,4073.0,570395.2607088797,986363.8237346539,0.01,407.0,,,,,,,,,,,,0,
25,34,necessity,-335372.0196771041,8613.3,1822.3490757472196,13299.351015762124,0.1,29.0,171.0,,,4073.0,398980.5304728637,734352.5501499678,0.01,407.0,,,,,,,,,,,,0,
26,34,necessity,-126876.64716940984,8849.3,1088.1654089072256,10745.575584578432,0.1,28.0,713.0,,,4073.0,311621.69195277453,438498.3391221844,0.01,407.0,,,,,,,,,,,,0,
27,34,necessity,550522.8083576178,8543.3,559.1953781719188,27709.354876816134,0.1,29.0,722.0,,,4073.0,775861.9365508518,225339.12819323398,0.01,407.0,,,,,,,,,,,,0,
28,34,necessity,-74922.50696313899,8228.3,1205.4744669480872,13922.036656556049,0.1,28.0,284.0,,,4073.0,403739.0630401254,478661.5700032644,0.025,407.0,,,,,,,,,,,,0,
29,34,necessity,117015.62042002281,8351.3,559.1953781719188,12226.955307616314,0.1,27.0,567.0,,,4073.0,342354.7486132568,225339.12819323398,0.01,407.0,,,,,,,,,,,,0,
30,34,necessity,-1425613.6373334455,8191.299999999999,4324.580311056296,11743.102941610296,0.1,26.0,110.0,,,4073.0,317063.779423478,1742677.4167569235,0.01,407.0,,,,,,,,,,,,0,
5,36,necessity,-143140.39413401653,2990.8,1870.2669372484477,11647.332216615612,0.1,43.0,61.0,,,3548.0,489187.95309785573,632328.3472318723,0.05,355.0,,,,,,,,,,,,0,
6,36,necessity,-775778.5622586507,3284.8,2531.7281446574248,2653.169376096635,0.1,42.0,78.0,,,3548.0,114086.28317215531,889864.8454308059,0.01,355.0,,,,,,,,,,,,0,
7,36,necessity,-458190.481833922,3561.8,1865.4138817548148,4701.780840078074,0.1,43.0,230.0,,,3548.0,197474.79528327912,655665.2771172011,0.01,355.0,,,,,,,,,,,,0,
8,36,necessity,-491067.83682018204,3686.8,2617.786358597862,9977.795181479243,0.1,44.0,253.0,,,3548.0,429045.19280360744,920113.0296237895,0.01,355.0,,,,,,,,,,,,0,
9,36,necessity,-642933.2521890982,3788.8,3713.480363971889,15052.271561937709,0.1,45.0,60.0,,,3548.0,662299.9487252592,1305233.2009143573,0.01,355.0,,,,,,,,,,,,0,
10,36,necessity,-1279099.1954116484,4083.8,4273.034065209654,4951.307151962518,0.1,44.0,80.0,,,3548.0,222808.82183831334,1501908.0172499616,0.01,355.0,,,,,,,,,,,,0,
11,36,necessity,-774945.1207426215,4358.8,3177.3400598356275,7769.152845835734,0.1,45.0,63.0,,,3548.0,341842.7252167723,1116787.8459593938,0.01,355.0,,,,,,,,,,,,0,
12,36,necessity,-1317360.3438440298,4650.8,4317.487580203728,4448.276083769878,0.1,44.0,138.0,,,3548.0,200172.42376964452,1517532.7676136743,0.01,355.0,,,,,,,,,,,,0,
13,36,necessity,-520974.5598912793,4867.8,3177.3400598356275,13541.211047002602,0.1,45.0,243.0,,,3548.0,595813.2860681145,1116787.8459593938,0.01,355.0,,,,,,,,,,,,0,
14,36,necessity,-755489.1920959475,4979.8,4346.08070579235,17157.63632311239,0.1,46.0,130.0,,,3548.0,772093.6345400575,1527582.826636005,0.01,355.0,,,,,,,,,,,,0,
15,36,necessity,-1283345.604448087,5204.8,5258.6463433928375,12282.401994630554,0.1,45.0,89.0,,,3548.0,564990.4917530055,1848336.0962010927,0.01,355.0,,,,,,,,,,,,0,
16,36,necessity,-969521.5909625187,5470.8,4089.9056974361138,10400.433879154723,0.1,44.0,35.0,,,3548.0,468019.5245619625,1437541.1155244813,0.01,355.0,,,,,,,,,,,,0,
17,36,necessity,-1036857.9179152837,5790.8,3357.1962257510054,3253.334077505999,0.1,43.0,161.0,,,3548.0,143146.69941026397,1180004.6173255476,0.01,355.0,,,,,,,,,,,,0,
18,36,necessity,-375048.2724730474,5984.8,2604.823748907958,12569.967263858416,0.1,44.0,220.0,,,3548.0,540508.5923459119,915556.8648189593,0.01,355.0,,,,,,,,,,,,0,
19,36,necessity,-566495.7960272494,6119.8,3242.119965500705,13024.11874453979,0.1,45.0,60.0,,,3548.0,573061.2247597508,1139557.0207870002,0.01,355.0,,,,,,,,,,,,0,
20,36,necessity,-1330070.5600401852,6414.8,4337.587975246032,4322.826620667606,0.1,44.0,149.0,,,3548.0,194527.19793004228,1524597.7579702274,0.01,355.0,,,,,,,,,,,,0,
21,36,necessity,-493256.41247534135,6620.8,3242.119965500705,14688.650188901338,0.1,45.0,192.0,,,3548.0,646300.6083116588,1139557.0207870002,0.01,355.0,,,,,,,,,,,,0,
22,36,necessity,-880027.1760336622,6783.8,4274.758724589118,13833.045186136342,0.1,44.0,166.0,,,3548.0,622487.0333761354,1502514.2094097976,0.01,355.0,,,,,,,,,,,,0,
23,36,necessity,-429947.07250520657,6972.8,3242.119965500705,16127.498824586219,0.1,45.0,147.0,,,3548.0,709609.9482817936,1139557.0207870002,0.01,355.0,,,,,,,,,,,,0,
24,36,necessity,-1037702.6907793197,7180.8,4308.2739849485315,10590.925220635636,0.1,44.0,209.0,,,3548.0,476591.6349286036,1514294.3257079234,0.01,355.0,,,,,,,,,,,,0,
25,36,necessity,-239127.75793275714,7326.8,3242.119965500705,20464.301428505525,0.1,45.0,216.0,,,3548.0,900429.262854243,1139557.0207870002,0.01,355.0,,,,,,,,,,,,0,
26,36,necessity,-844229.052672206,7465.8,4394.287973178236,15562.175834403384,0.1,44.0,206.0,,,3548.0,700297.9125481523,1544526.9652203582,0.01,355.0,,,,,,,,,,,,0,
27,36,necessity,-234333.6983122836,7614.8,3242.119965500705,20573.25732897083,0.1,45.0,105.0,,,3548.0,905223.3224747166,1139557.0207870002,0.01,355.0,,,,,,,,,,,,0,
28,36,necessity,-1202750.5462762425,7864.8,4390.436252647657,7564.946586168312,0.1,44.0,167.0,,,3548.0,340422.596377574,1543173.1426538164,0.01,355.0,,,,,,,,,,,,0,
29,36,necessity,-406354.1665948415,8052.799999999999,3242.119965500705,16663.70123163997,0.1,45.0,259.0,,,3548.0,733202.8541921587,1139557.0207870002,0.01,355.0,,,,,,,,,,,,0,
30,36,necessity,-667733.9165789239,8148.799999999999,4288.781445721863,18660.20157921517,0.1,46.0,65.0,,,3548.0,839709.0710646826,1507442.9876436065,0.01,355.0,,,,,,,,,,,,0,
