data/saved_data/run_2025_04_30_1649_no_targetdemand_no_stickiness/firm_data.csv
Step,AgentID,FirmType,Profit,Inventory,ProductPrice,RevenuePerEmployee,ProductionLevel,NumEmployees,DemandReceived,InventoryDemandRatio,SellThroughRate,ProductionCapacity,Revenue,Costs,Markup,ProducedUnits,IncomeBracket,NumPeople,SpendRatio,PostTaxIncome,HouseholdExpense,HouseholdSavings,HealthLevel,Welfare,SkillLevel,SkillType,JobLevel,IsEmployed,Wage
7,9,necessity,433351.11794540467,0.0,33.94954969666062,12547.984027349288,1.0,52.0,956701.0,,,7911.0,639947.1853948137,206596.067449409,0.30000000000000004,7911.0,,,,,,,,,,,,0,
8,9,necessity,-187317.2820834308,0.0,76.93288415087521,5164.901685582348,1.0,51.0,409641.0,,,7911.0,268574.8876502821,455892.1697337129,0.335,7911.0,,,,,,,,,,,,0,
9,9,necessity,402019.9790681648,0.0,36.56105351948066,11933.64797093282,1.0,52.0,923047.0,,,7911.0,608616.0465175738,206596.067449409,0.4,7911.0,,,,,,,,,,,,0,
10,9,necessity,-222037.75781378947,0.0,92.74120614630819,5562.201815242529,1.0,51.0,355397.0,,,7911.0,289234.4943926115,511272.25220640097,0.435,7911.0,,,,,,,,,,,,0,
11,9,necessity,527079.614374035,0.0,39.172557342300706,14385.797682812628,1.0,52.0,900614.0,,,7911.0,733675.6818234441,206596.067449409,0.5,7911.0,,,,,,,,,,,,0,
12,9,necessity,-148593.2327319265,0.0,88.38240223215652,5959.501944902709,1.0,51.0,398049.0,,,7911.0,309894.10113494087,458487.33386686735,0.525,7911.0,,,,,,,,,,,,0,
13,9,necessity,492597.1166091812,0.0,41.261760400556746,13709.670275658631,1.0,52.0,738845.0,,,7911.0,699193.1840585902,206596.067449409,0.5800000000000001,7911.0,,,,,,,,,,,,0,
14,9,necessity,-206707.19291487132,0.0,108.16230715446052,6277.342048630854,1.0,51.0,304530.0,,,7911.0,326421.7865288044,533128.9794436757,0.6050000000000001,7911.0,,,,,,,,,,,,0,
15,9,necessity,649075.9444495281,0.0,43.08981307653078,16777.88258625367,1.0,52.0,20770.0,,,7911.0,855672.0118989372,206596.067449409,0.6500000000000001,7911.0,,,,,,,,,,,,0,
16,9,necessity,-131488.41325388325,0.0,99.4184368849629,6555.452139392981,1.0,51.0,304489.0,,,7911.0,340883.511248435,472371.92450231826,0.6650000000000001,7911.0,,,,,,,,,,,,0,
17,9,necessity,579903.1867475326,0.0,43.8732642233768,15421.554003861598,1.0,52.0,694190.0,,,7911.0,786499.2541969415,206596.067449409,0.6800000000000002,7911.0,,,,,,,,,,,,0,
18,9,necessity,-128135.43935456336,0.0,103.62141779493192,6674.6421782910365,1.0,51.0,5013.0,,,7911.0,347081.3932711339,475216.83262569725,0.7250000000000002,7911.0,,,,,,,,,,,,0,
19,9,necessity,312858.0999565847,2898.0,45.440166517068825,10185.375831490072,1.0,52.0,715948.0,,,7911.0,519454.1674059937,206596.067449409,0.7400000000000002,7911.0,,,,,,,,,,,,0,
20,9,necessity,33235.07841776917,0.0,102.74575078979063,9445.437690057634,1.0,51.0,320902.0,,,7911.0,491162.7598829969,457927.68146522774,0.7750000000000002,7911.0,,,,,,,,,,,,0,
21,9,necessity,606225.5670486246,0.0,48.05167033988888,15937.679107804583,1.0,52.0,4805.0,,,7911.0,812821.6344980337,206596.067449409,0.8400000000000003,7911.0,,,,,,,,,,,,0,
22,9,necessity,-240758.88898275443,3106.0,108.80496472683605,4440.159153522424,1.0,51.0,315324.0,,,7911.0,230888.27598316607,471647.1649659205,0.8250000000000003,7911.0,,,,,,,,,,,,0,
23,9,necessity,992108.2289461438,0.0,48.05167033988888,23504.005811677507,1.0,52.0,647516.0,,,7911.0,1198704.2963955528,206596.067449409,0.8400000000000003,7911.0,,,,,,,,,,,,0,
24,9,necessity,-147283.70965063013,0.0,125.67154504066733,7310.322385747326,1.0,51.0,2755.0,,,7911.0,380136.76405886095,527420.4737094911,0.8850000000000003,7911.0,,,,,,,,,,,,0,
25,9,necessity,139629.0391376295,5156.0,48.31282072217088,6788.727580138009,1.0,50.0,681189.0,,,7911.0,346225.1065870385,206596.067449409,0.8500000000000003,7911.0,,,,,,,,,,,,0,
26,9,necessity,-2587116.619239076,0.0,766.871718618214,12626.07256753214,1.0,51.0,637.0,,,7911.0,631303.628376607,3218420.247615683,0.8850000000000003,7911.0,,,,,,,,,,,,0,
27,9,necessity,275786.1819107471,7274.0,49.742831528379405,9578.378132545144,1.0,50.0,604642.0,,,7911.0,488497.28475980234,212711.10284905529,0.8500000000000003,7911.0,,,,,,,,,,,,0,
28,9,necessity,-2463075.3508572415,0.0,758.7351486594001,15106.897935168825,1.0,51.0,722.0,,,7911.0,755344.8967584412,3218420.247615683,0.8650000000000003,7911.0,,,,,,,,,,,,0,
29,9,necessity,345539.88559552026,7189.0,46.53340196106914,10741.309359452685,1.0,50.0,709737.0,,,7911.0,547806.7773320869,202266.89173656664,0.8200000000000003,7911.0,,,,,,,,,,,,0,
30,9,necessity,-2515765.878003539,0.0,746.5302937211793,14053.08739224288,1.0,51.0,578.0,,,7911.0,702654.369612144,3218420.247615683,0.8350000000000003,7911.0,,,,,,,,,,,,0,
7,17,necessity,491774.764728737,0.0,29.734968781021657,21124.429112455116,1.0,34.0,1071013.0,,,8977.0,697106.1607110188,205331.39598228183,0.30000000000000004,8977.0,,,,,,,,,,,,0,
8,17,necessity,-254339.44755978946,0.0,76.93918875792176,7850.906316095042,1.0,33.0,439657.0,,,8977.0,266930.81474723143,521270.2623070209,0.32500000000000007,8977.0,,,,,,,,,,,,0,
9,17,necessity,485351.70149758173,0.0,31.564813013699915,20929.790832723138,1.0,34.0,1045387.0,,,8977.0,690683.0974798636,205331.39598228183,0.38000000000000006,8977.0,,,,,,,,,,,,0,
10,17,necessity,-223801.01117590332,0.0,79.94085414101592,8334.039012470123,1.0,33.0,404764.0,,,8977.0,283357.32642398414,507158.33759988745,0.41500000000000004,8977.0,,,,,,,,,,,,0,
11,17,necessity,512297.65164161805,0.0,33.85211830454773,21746.334776481814,1.0,34.0,1019804.0,,,8977.0,717629.0476238999,205331.39598228183,0.48000000000000004,8977.0,,,,,,,,,,,,0,
12,17,necessity,-202893.2055405724,0.0,84.96261842637695,8937.95488293897,1.0,33.0,377024.0,,,8977.0,303890.46601992496,506783.6715604974,0.505,8977.0,,,,,,,,,,,,0,
13,17,necessity,557378.0296313041,0.0,35.68196253722599,23112.406836775328,1.0,34.0,889155.0,,,8977.0,762709.4256135859,205331.39598228183,0.56,8977.0,,,,,,,,,,,,0,
14,17,necessity,-192266.0043141187,0.0,90.50284353309674,9421.087579314051,1.0,33.0,358237.0,,,8977.0,320316.9776966777,512582.98201079643,0.5850000000000001,8977.0,,,,,,,,,,,,0,
15,17,necessity,607112.6304143276,0.0,37.28307624081946,24619.515951412406,1.0,34.0,864853.0,,,8977.0,812444.0263966094,205331.39598228183,0.6300000000000001,8977.0,,,,,,,,,,,,0,
16,17,necessity,-209693.646760013,0.0,99.75619776943589,9843.828688642245,1.0,33.0,315012.0,,,8977.0,334690.1754138363,544383.8221738493,0.6450000000000001,8977.0,,,,,,,,,,,,0,
17,17,necessity,690179.991393944,0.0,38.65545941532816,27136.708708370483,1.0,34.0,916910.0,,,8977.0,895511.3873762259,205331.39598228183,0.6900000000000002,8977.0,,,,,,,,,,,,0,
18,17,necessity,-162392.88078119984,0.0,97.31826243972287,10206.178210923556,1.0,33.0,338044.0,,,8977.0,347010.0591714009,509402.93995260075,0.7150000000000002,8977.0,,,,,,,,,,,,0,
19,17,necessity,668294.6459391103,0.0,40.485303648006415,26473.51642186037,1.0,34.0,804332.0,,,8977.0,873626.0419213922,205331.39598228183,0.7700000000000002,8977.0,,,,,,,,,,,,0,
20,17,necessity,-210744.77691945416,0.0,114.81068498697175,10689.310907298635,1.0,33.0,3017.0,,,8977.0,363436.5708481536,574181.3477676078,0.7950000000000003,8977.0,,,,,,,,,,,,0,
21,17,necessity,141052.44062341197,5960.0,40.25657311892163,10496.479897142237,1.0,32.0,770189.0,,,8977.0,346383.8366056938,205331.39598228183,0.7600000000000002,8977.0,,,,,,,,,,,,0,
22,17,necessity,-1631929.3180254288,0.0,441.5733660527825,18791.01352116664,1.0,33.0,912.0,,,8977.0,601312.4326773324,2233241.750702761,0.7750000000000002,8977.0,,,,,,,,,,,,0,
23,17,necessity,188758.5376997884,8065.0,40.99420296762911,12203.482116367808,1.0,32.0,885891.0,,,8977.0,402714.90984013764,213956.37214034924,0.7200000000000002,8977.0,,,,,,,,,,,,0,
24,17,necessity,-1534618.5437284259,0.0,431.62241695863526,21831.975217947976,1.0,33.0,1068.0,,,8977.0,698623.2069743352,2233241.750702761,0.7350000000000002,8977.0,,,,,,,,,,,,0,
25,17,necessity,260225.54326676182,7909.0,37.79244342857971,13968.870948843105,1.0,32.0,873252.0,,,8977.0,460972.74131182244,200747.19804506062,0.6900000000000002,8977.0,,,,,,,,,,,,0,
26,17,necessity,-1595078.550967764,0.0,429.1346796850984,19942.599991718656,1.0,33.0,1343.0,,,8977.0,638163.199734997,2233241.750702761,0.7250000000000002,8977.0,,,,,,,,,,,,0,
27,17,necessity,379341.1463999309,7634.0,37.084501613892115,17464.481055063246,1.0,32.0,882009.0,,,8977.0,576327.8748170871,196986.7284171562,0.6900000000000002,8977.0,,,,,,,,,,,,0,
28,17,necessity,-1617231.0943943993,0.0,426.64694241156167,19250.33300963631,1.0,33.0,2634.0,,,8977.0,616010.6563083619,2233241.750702761,0.7150000000000002,8977.0,,,,,,,,,,,,0,
29,17,necessity,935581.7530967218,6343.0,35.01219891217462,34054.183221577376,1.0,34.0,955632.0,,,8977.0,1123788.0463120535,188206.29321533156,0.6700000000000002,8977.0,,,,,,,,,,,,0,
30,17,necessity,14648.9464879359,0.0,98.5123994248011,15776.084921603386,1.0,33.0,336071.0,,,8977.0,536386.8873345151,521737.9408465792,0.6950000000000002,8977.0,,,,,,,,,,,,0,
7,24,necessity,462899.6571896692,0.0,34.47950456267354,19974.77594743202,1.0,34.0,845642.0,,,7400.0,659167.6062652566,196267.94907558747,0.30000000000000004,7400.0,,,,,,,,,,,,0,
8,24,necessity,-290672.13311796106,0.0,98.46896259306229,7504.362757758359,1.0,33.0,354606.0,,,7400.0,255148.3337637842,545820.4668817453,0.335,7400.0,,,,,,,,,,,,0,
9,24,necessity,532402.3741130735,0.0,37.131774144417655,22080.918884504877,1.0,34.0,862203.0,,,7400.0,728670.3231886609,196267.94907558747,0.4,7400.0,,,,,,,,,,,,0,
10,24,necessity,-193203.95735414152,0.0,90.11759425573219,8081.621431432077,1.0,33.0,374395.0,,,7400.0,274775.1286686906,467979.08602283214,0.42500000000000004,7400.0,,,,,,,,,,,,0,
11,24,necessity,470602.2484168308,0.0,39.25358980981295,20208.187802800552,1.0,34.0,804591.0,,,7400.0,666870.1974924182,196267.94907558747,0.48000000000000004,7400.0,,,,,,,,,,,,0,
12,24,necessity,-183591.90019806917,0.0,96.41527559642778,8543.428370371053,1.0,33.0,311245.0,,,7400.0,290476.5645926158,474068.464790685,0.505,7400.0,,,,,,,,,,,,0,
13,24,necessity,517205.0903379781,0.0,41.375405475208254,21620.39513374441,1.0,34.0,10466.0,,,7400.0,713473.0394135655,196267.94907558747,0.56,7400.0,,,,,,,,,,,,0,
14,24,necessity,-175193.5739739681,0.0,103.10458722491249,9005.235309310032,1.0,33.0,316960.0,,,7400.0,306178.00051654107,481371.57449050917,0.5850000000000001,7400.0,,,,,,,,,,,,0,
15,24,necessity,566705.996388765,0.0,42.4363133079059,23120.422589828864,1.0,34.0,800007.0,,,7400.0,762973.9454643525,196267.94907558747,0.6000000000000001,7400.0,,,,,,,,,,,,0,
16,24,necessity,-202248.52092276042,0.0,114.76703495950166,9236.13877877952,1.0,33.0,3269.0,,,7400.0,314028.71847850364,516277.23940126406,0.6450000000000001,7400.0,,,,,,,,,,,,0,
17,24,necessity,178905.48820702345,4131.0,44.02767505695237,11368.892038866998,1.0,34.0,3278.0,,,7400.0,375173.4372826109,196267.94907558747,0.6600000000000001,7400.0,,,,,,,,,,,,0,
18,24,necessity,-319596.1019676544,8253.0,101.8740653655656,4244.785848137937,1.0,33.0,296009.0,,,7400.0,144322.71883668986,463918.8208043443,0.6250000000000001,7400.0,,,,,,,,,,,,0,
19,24,necessity,1398366.7960916108,0.0,43.89506157786517,48322.26500506662,1.0,34.0,719483.0,,,7400.0,1594634.7451671984,196267.94907558747,0.6550000000000001,7400.0,,,,,,,,,,,,0,
20,24,necessity,-198785.49249251513,0.0,120.28854213061231,9553.631049300066,1.0,33.0,5760.0,,,7400.0,324823.45567620225,523608.9481687174,0.7000000000000002,7400.0,,,,,,,,,,,,0,
21,24,necessity,496594.05359673954,1640.0,46.28210420143487,20995.818262797788,1.0,34.0,640488.0,,,7400.0,692862.002672327,196267.94907558747,0.7450000000000002,7400.0,,,,,,,,,,,,0,
22,24,necessity,-50482.99008066277,0.0,112.783015859044,12305.594764146212,1.0,33.0,4352.0,,,7400.0,418390.2219809712,468873.212061634,0.7800000000000002,7400.0,,,,,,,,,,,,0,
23,24,necessity,294563.735942972,3048.0,47.87346595048135,14873.687424804833,1.0,34.0,666918.0,,,7400.0,490831.6850185595,196267.94907558747,0.8050000000000003,7400.0,,,,,,,,,,,,0,
24,24,necessity,-3892.343526316341,0.0,123.97503440406295,14711.234477959679,1.0,33.0,4422.0,,,7400.0,500181.9722506291,504074.31577694544,0.8200000000000003,7400.0,,,,,,,,,,,,0,
25,24,necessity,351949.65305917896,2978.0,48.66914682500459,16612.654610144436,1.0,34.0,672020.0,,,7400.0,548217.6021347664,196267.94907558747,0.8350000000000003,7400.0,,,,,,,,,,,,0,
26,24,necessity,22192.8234179297,0.0,121.37645716433568,14855.541345585225,1.0,33.0,262848.0,,,7400.0,505088.40574989765,482895.58233196795,0.8600000000000003,7400.0,,,,,,,,,,,,0,
27,24,necessity,701917.8339404966,0.0,50.790962490399885,27217.751000487395,1.0,34.0,691732.0,,,7400.0,898185.783016084,196267.94907558747,0.9150000000000004,7400.0,,,,,,,,,,,,0,
28,24,necessity,-105999.23004517931,0.0,126.97460637805345,11054.503600851738,1.0,33.0,258870.0,,,7400.0,375853.1224289591,481852.35247413843,0.9500000000000004,7400.0,,,,,,,,,,,,0,
29,24,necessity,743344.1381220081,0.0,53.443232072144006,28473.09355144229,1.0,34.0,574689.0,,,7400.0,939612.0871975955,196267.94907558747,1.0150000000000003,7400.0,,,,,,,,,,,,0,
30,24,necessity,-69848.98043158831,0.0,128.90868112030702,11631.762274525461,1.0,33.0,3131.0,,,7400.0,395479.91733386565,465328.89776545396,1.0500000000000003,7400.0,,,,,,,,,,,,0,
7,25,necessity,-249984.63339491957,4713.5,906.4894998420252,7680.778961262454,0.1,61.0,411.0,,,7925.0,460846.73767574725,710831.3710706668,0.01,792.0,,,,,,,,,,,,0,
8,25,necessity,-774256.8178457781,5094.5,1462.4902030822839,6107.658761230694,0.1,60.0,234.0,,,7925.0,372567.18443507235,1146824.0022808504,0.01,792.0,,,,,,,,,,,,0,
9,25,necessity,-368608.6635494124,5652.5,906.4894998420252,5703.7117920209075,0.1,59.0,349.0,,,7925.0,342222.70752125443,710831.3710706668,0.01,792.0,,,,,,,,,,,,0,
10,25,necessity,-84174.23718266096,6095.5,510.7884631856245,5362.115854997743,0.1,58.0,1185.0,,,7925.0,316364.8354448668,400539.07262752776,0.01,792.0,,,,,,,,,,,,0,
11,25,necessity,386618.79159451113,5702.5,278.85377825051097,10435.936704740778,0.1,59.0,2586.0,,,7925.0,605284.3288749651,218665.53728045392,0.01,792.0,,,,,,,,,,,,0,
12,25,necessity,223765.84827410057,3908.5,643.6663790342138,12222.302890776633,0.1,60.0,1162.0,,,7925.0,721115.8705558213,497350.02228172077,0.025,792.0,,,,,,,,,,,,0,
13,25,necessity,55186.75496363104,3538.5,909.6764137164319,12465.672207295942,0.1,61.0,568.0,,,7925.0,747940.3324377565,692753.5774741254,0.04000000000000001,792.0,,,,,,,,,,,,0,
14,25,necessity,-606866.4593398739,3762.5,1432.8261206076882,8470.429557228415,0.1,60.0,240.0,,,7925.0,516696.2029909333,1123562.6623308072,0.01,792.0,,,,,,,,,,,,0,
15,25,necessity,-348875.3085282803,4314.5,883.4357479361502,5731.304482430753,0.1,59.0,585.0,,,7925.0,343878.26894584514,692753.5774741254,0.01,792.0,,,,,,,,,,,,0,
16,25,necessity,102740.82006978925,4521.5,528.0426551383139,8759.490043095726,0.1,60.0,545.0,,,7925.0,516809.91254264786,414069.0924728586,0.01,792.0,,,,,,,,,,,,0,
17,25,necessity,-469061.6297184348,4768.5,965.1683391052219,4796.387450839685,0.1,59.0,118.0,,,7925.0,287783.2470503811,756844.8767688159,0.01,792.0,,,,,,,,,,,,0,
18,25,necessity,-300179.22845844243,5442.5,528.0426551383139,1930.3366782104438,0.1,58.0,1254.0,,,7925.0,113889.86401441618,414069.0924728586,0.01,792.0,,,,,,,,,,,,0,
19,25,necessity,443499.9522629917,4980.5,278.85377825051097,11416.646371438717,0.1,59.0,1860.0,,,7925.0,662165.4895434456,218665.53728045392,0.01,792.0,,,,,,,,,,,,0,
20,25,necessity,13702.734196228732,3912.5,653.5220013004327,8790.983517727973,0.1,58.0,220.0,,,7925.0,518668.02754595043,504965.2933497217,0.025,792.0,,,,,,,,,,,,0,
21,25,necessity,-74890.6969943587,4484.5,278.85377825051097,2478.876556656814,0.1,57.0,2171.0,,,7925.0,143774.84028609522,218665.53728045392,0.01,792.0,,,,,,,,,,,,0,
22,25,necessity,-3353499.699018295,3105.5,5123.565060311354,10620.90443126069,0.1,58.0,153.0,,,7925.0,605391.5525818593,3958891.251600154,0.025,792.0,,,,,,,,,,,,0,
23,25,necessity,605163.9199119422,3744.5,227.9405927157971,13515.611279786848,0.1,59.0,2025.0,,,7925.0,783905.4542276372,178741.53431569494,0.01,792.0,,,,,,,,,,,,0,
24,25,necessity,-37336.59113298985,2511.5,636.2442596717923,7823.384749991341,0.1,58.0,1038.0,,,7925.0,461579.7002494891,498916.29138247896,0.01,792.0,,,,,,,,,,,,0,
25,25,necessity,481680.00722362543,2265.5,229.06901149161786,11386.578302402075,0.1,59.0,2646.0,,,7925.0,660421.5415393204,178741.53431569494,0.015000000000000003,792.0,,,,,,,,,,,,0,
