data/saved_data/run_2025_04_30_1649_no_targetdemand_no_stickiness/firm_data.csv
Step,AgentID,FirmType,Profit,Inventory,ProductPrice,RevenuePerEmployee,ProductionLevel,NumEmployees,DemandReceived,InventoryDemandRatio,SellThroughRate,ProductionCapacity,Revenue,Costs,Markup,ProducedUnits,IncomeBracket,NumPeople,SpendRatio,PostTaxIncome,HouseholdExpense,HouseholdSavings,HealthLevel,Welfare,SkillLevel,SkillType,JobLevel,IsEmployed,Wage
8,42,necessity,-230569.50213529394,0.0,98.04237894964008,13958.070843368398,1.0,16.0,268781.0,,,6132.0,237287.20433726275,467856.7064725567,0.28500000000000003,6132.0,,,,,,,,,,,,0,
9,42,necessity,429361.3780306279,0.0,37.55026355921835,37574.74173244956,1.0,17.0,773270.0,,,6132.0,601195.867719193,171834.48968856508,0.34,6132.0,,,,,,,,,,,,0,
10,42,necessity,-175693.15525830243,0.0,91.02790860872268,13544.60094971335,1.0,16.0,273314.0,,,6132.0,230258.21614512693,405951.37140342937,0.375,6132.0,,,,,,,,,,,,0,
11,42,necessity,386348.6459001224,0.0,40.35252203378688,34886.44597429297,1.0,17.0,668173.0,,,6132.0,558183.1355886875,171834.48968856508,0.44,6132.0,,,,,,,,,,,,0,
12,42,necessity,-169024.7384364486,0.0,99.49825197289292,14555.3920653636,1.0,16.0,281370.0,,,6132.0,247441.66511118118,416466.4035476298,0.465,6132.0,,,,,,,,,,,,0,
13,42,necessity,438288.7914092143,0.0,42.59432881344171,38132.70506861121,1.0,17.0,620735.0,,,6132.0,610123.2810977794,171834.48968856508,0.52,6132.0,,,,,,,,,,,,0,
14,42,necessity,-203340.23756393924,0.0,117.0412234895732,15364.024957883797,1.0,16.0,238388.0,,,6132.0,261188.42428402457,464528.6618479638,0.545,6132.0,,,,,,,,,,,,0,
15,42,necessity,545862.2927494978,0.0,44.55590974563969,44856.04890237893,1.0,17.0,642168.0,,,6132.0,717696.7824380628,171834.48968856508,0.5900000000000001,6132.0,,,,,,,,,,,,0,
16,42,necessity,-180540.58122770168,0.0,119.50721344390983,16071.578738838974,1.0,16.0,232533.0,,,6132.0,273216.8385602626,453757.41978796426,0.6150000000000001,6132.0,,,,,,,,,,,,0,
17,42,necessity,560983.7431494901,0.0,46.79771652529452,45801.139552378445,1.0,17.0,608362.0,,,6132.0,732818.2328380551,171834.48968856508,0.6700000000000002,6132.0,,,,,,,,,,,,0,
18,42,necessity,-121557.94054418389,0.0,112.92302793005274,16880.211631359176,1.0,16.0,239424.0,,,6132.0,286963.597733106,408521.5382772899,0.6950000000000002,6132.0,,,,,,,,,,,,0,
19,42,necessity,520609.5175785183,0.0,49.03952330494934,43277.75045419271,1.0,17.0,533321.0,,,6132.0,692444.0072670834,171834.48968856508,0.7500000000000002,6132.0,,,,,,,,,,,,0,
20,42,necessity,-113054.69144773908,0.0,119.77054153751249,17688.844523879376,1.0,16.0,251604.0,,,6132.0,300710.35690594936,413765.04835368844,0.7750000000000002,6132.0,,,,,,,,,,,,0,
21,42,necessity,562598.4710194615,0.0,51.00110423714732,45902.06004425166,1.0,17.0,526380.0,,,6132.0,734432.9607080265,171834.48968856508,0.8200000000000003,6132.0,,,,,,,,,,,,0,
22,42,necessity,-103906.46716433653,0.0,125.36048020612789,18396.39830483455,1.0,16.0,220996.0,,,6132.0,312738.77118218737,416645.2383465239,0.8450000000000003,6132.0,,,,,,,,,,,,0,
23,42,necessity,596875.9749354112,0.0,53.24291101680215,48044.40403899852,1.0,17.0,481959.0,,,6132.0,768710.4646239763,171834.48968856508,0.9000000000000004,6132.0,,,,,,,,,,,,0,
24,42,necessity,-63960.04987471516,0.0,122.57138646765976,19205.03119735475,1.0,16.0,199610.0,,,6132.0,326485.5303550308,390445.58022974594,0.9250000000000004,6132.0,,,,,,,,,,,,0,
25,42,necessity,579773.2521311245,0.0,55.20449194900012,46975.4838637306,1.0,17.0,480114.0,,,6132.0,751607.7418196896,171834.48968856508,0.9700000000000004,6132.0,,,,,,,,,,,,0,
26,42,necessity,-81221.4540390026,0.0,135.87324954739324,19912.584978309926,1.0,16.0,189026.0,,,6132.0,338513.94463126874,419735.39867027133,0.9850000000000004,6132.0,,,,,,,,,,,,0,
27,42,necessity,661340.2765360503,0.0,57.1660728811981,52073.42288903846,1.0,17.0,520655.0,,,6132.0,833174.7662246154,171834.48968856508,1.0400000000000005,6132.0,,,,,,,,,,,,0,
28,42,necessity,-99393.68951794162,0.0,151.5195596619425,20620.1387592651,1.0,16.0,3999.0,,,6132.0,350542.35890750674,449936.04842544836,1.0650000000000004,6132.0,,,,,,,,,,,,0,
29,42,necessity,434092.22939954296,2133.0,58.2869762710255,37870.41994300675,1.0,17.0,488271.0,,,6132.0,605926.719088108,171834.48968856508,1.0800000000000003,6132.0,,,,,,,,,,,,0,
30,42,necessity,73249.37340932142,0.0,139.56160419464516,28337.7564047074,1.0,16.0,193026.0,,,6132.0,481741.8588800258,408492.4854707044,1.0950000000000002,6132.0,,,,,,,,,,,,0,
8,46,necessity,-167744.88647450064,0.0,107.38254934144325,13414.706878356252,1.0,23.0,263821.0,,,5860.0,321952.96508055006,489697.8515550507,0.285,5860.0,,,,,,,,,,,,0,
9,46,necessity,393566.9678029964,0.0,54.298283490070666,27359.2060496025,1.0,24.0,501294.0,,,5860.0,629261.7391408575,235694.77133786105,0.35,5860.0,,,,,,,,,,,,0,
10,46,necessity,-180494.1684222212,0.0,117.86258050864784,13257.830885492256,1.0,23.0,232426.0,,,5860.0,318187.94125181413,498682.10967403534,0.38499999999999995,5860.0,,,,,,,,,,,,0,
11,46,necessity,454979.9504428152,0.0,58.32037856340923,30029.335729594623,1.0,24.0,4455.0,,,5860.0,690674.7217806763,235694.77133786105,0.44999999999999996,5860.0,,,,,,,,,,,,0,
12,46,necessity,-217663.70471674594,1405.0,118.55543380576664,10825.720270832839,1.0,23.0,226112.0,,,5860.0,259817.2864999881,477480.99121673405,0.45499999999999996,5860.0,,,,,,,,,,,,0,
13,46,necessity,625610.4552610336,0.0,59.124797578076944,37448.05333038673,1.0,24.0,2441.0,,,5860.0,861305.2265988947,235694.77133786105,0.47,5860.0,,,,,,,,,,,,0,
14,46,necessity,-328023.53317899996,3419.0,118.8928441774844,6013.484620336909,1.0,23.0,218882.0,,,5860.0,144323.6308880858,472347.1640670858,0.475,5860.0,,,,,,,,,,,,0,
15,46,necessity,867511.9297850168,0.0,59.92921659274466,47965.50874447295,1.0,24.0,5781.0,,,5860.0,1103206.701122878,235694.77133786105,0.49,5860.0,,,,,,,,,,,,0,
16,46,necessity,-168109.56872777193,79.0,135.6648073862197,14435.450046777369,1.0,23.0,3403.0,,,5860.0,346450.80112265685,514560.3698504288,0.545,5860.0,,,,,,,,,,,,0,
17,46,necessity,225972.56819744463,2536.0,61.53805462208009,20072.49302327416,1.0,24.0,2814.0,,,5860.0,461667.3395353057,235694.77133786105,0.53,5860.0,,,,,,,,,,,,0,
18,46,necessity,-333730.26992882334,5582.0,128.45461740444543,7215.33690443889,1.0,23.0,1572.0,,,5860.0,173168.08570653337,506898.35563535674,0.48500000000000004,5860.0,,,,,,,,,,,,0,
19,46,necessity,-33764.11277807283,9870.0,56.91264528774074,8779.593850425576,1.0,24.0,9638.0,,,5860.0,201930.65855978822,235694.77133786105,0.41500000000000004,5860.0,,,,,,,,,,,,0,
20,46,necessity,69964.28127520578,6092.0,115.14834632016847,22855.16980346855,1.0,25.0,219271.0,,,5860.0,548524.0752832452,478559.7940080394,0.41000000000000003,5860.0,,,,,,,,,,,,0,
21,46,necessity,657373.0162959892,0.0,180.94676241125993,55050.12140874614,1.0,26.0,3187.0,,,5860.0,1376253.0352186535,718880.0189226643,0.47500000000000003,5860.0,,,,,,,,,,,,0,
22,46,necessity,-397364.54304101027,2673.0,249.32812491795482,22179.897377103283,1.0,25.0,2662.0,,,5860.0,576677.3318046854,974041.8748456957,0.5,5860.0,,,,,,,,,,,,0,
23,46,necessity,-67465.38364392146,5871.0,182.79421301268576,26548.458741263832,1.0,26.0,1262.0,,,5860.0,663711.4685315958,731176.8521755172,0.465,5860.0,,,,,,,,,,,,0,
24,46,necessity,-738593.8179790641,10469.0,230.7415972554191,8872.549877769594,1.0,25.0,2250.0,,,5860.0,230686.29682200943,969280.1148010734,0.395,5860.0,,,,,,,,,,,,0,
25,46,necessity,-212008.2583508243,14079.0,163.4542109533231,20766.743752987717,1.0,26.0,4235.0,,,5860.0,519168.59382469294,731176.8521755172,0.31,5860.0,,,,,,,,,,,,0,
26,46,necessity,-354515.1016018031,15704.0,229.53338480912865,26624.176284127818,1.0,27.0,1885.0,,,5860.0,692228.5833873233,1046743.6849891264,0.285,5860.0,,,,,,,,,,,,0,
8,52,necessity,-117466.38102197897,0.0,117.64001688547486,20062.03586755826,1.0,17.0,248947.0,,,5309.0,361116.6456160487,478583.0266380277,0.305,5309.0,,,,,,,,,,,,0,
9,52,necessity,384180.39715652214,0.0,62.02816346716283,36738.285273234476,1.0,18.0,6981.0,,,5309.0,624550.8496449861,240370.45248846392,0.37,5309.0,,,,,,,,,,,,0,
10,52,necessity,-154998.23827190814,0.0,128.1690695101021,18294.862213731525,1.0,17.0,6079.0,,,5309.0,329307.5198471674,484305.75811907556,0.40499999999999997,5309.0,,,,,,,,,,,,0,
11,52,necessity,440079.13754066813,0.0,64.29196505355561,40026.44647230189,1.0,18.0,11225.0,,,5309.0,680449.5900291321,240370.45248846392,0.42,5309.0,,,,,,,,,,,,0,
12,52,necessity,-226740.26218691072,0.0,155.15090254217242,18962.5579149626,1.0,17.0,558.0,,,5309.0,341326.04246932676,568066.3046562375,0.45,5309.0,,,,,,,,,,,,0,
13,52,necessity,-153796.24886993173,4751.0,63.16006426035922,5092.600212854835,1.0,16.0,9597.0,,,5309.0,86574.2036185322,240370.45248846392,0.395,5309.0,,,,,,,,,,,,0,
14,52,necessity,-396666.9675470884,463.0,266.3341282221627,37884.19604416672,1.0,17.0,1623.0,,,5309.0,606147.1367066675,1002814.1042537559,0.41000000000000003,5309.0,,,,,,,,,,,,0,
15,52,necessity,257721.4601931746,4149.0,44.54701723213294,25427.07588850412,1.0,16.0,587736.0,,,5309.0,432260.29010457004,174538.82991139544,0.35500000000000004,5309.0,,,,,,,,,,,,0,
16,52,necessity,-581488.4152722426,0.0,258.7785501165694,26332.855561344582,1.0,17.0,2896.0,,,5309.0,421325.6889815133,1002814.1042537559,0.37000000000000005,5309.0,,,,,,,,,,,,0,
17,52,necessity,559623.4574748051,2413.0,49.871899973574344,44083.687125740296,1.0,18.0,604713.0,,,5309.0,749422.6811375851,189799.22366278002,0.3950000000000001,5309.0,,,,,,,,,,,,0,
18,52,necessity,-77764.45170840877,0.0,124.67726999445149,21395.04508866339,1.0,17.0,2545.0,,,5309.0,385110.8115959411,462875.26330434985,0.43000000000000005,5309.0,,,,,,,,,,,,0,
19,52,necessity,127504.42847309902,2764.0,52.016927929427005,18664.92071387524,1.0,16.0,7770.0,,,5309.0,317303.65213587903,189799.22366278002,0.45500000000000007,5309.0,,,,,,,,,,,,0,
20,52,necessity,-598642.574242108,303.0,279.55638990695087,25260.72062572799,1.0,17.0,2786.0,,,5309.0,404171.53001164785,1002814.1042537559,0.4800000000000001,5309.0,,,,,,,,,,,,0,
21,52,necessity,594247.4985554905,2826.0,51.634197867846794,45814.358957692064,1.0,18.0,567457.0,,,5309.0,778844.1022807651,184596.60372527462,0.4850000000000001,5309.0,,,,,,,,,,,,0,
22,52,necessity,-3874.406824183243,0.0,119.77357498566617,23335.788869718537,1.0,17.0,211839.0,,,5309.0,420044.19965493365,423918.6064791169,0.5000000000000001,5309.0,,,,,,,,,,,,0,
23,52,necessity,451281.30587362713,0.0,54.06813312087661,37404.582917582455,1.0,18.0,497688.0,,,5309.0,635877.9095989018,184596.60372527462,0.5550000000000002,5309.0,,,,,,,,,,,,0,
24,52,necessity,-149072.4307140095,0.0,130.61424703319796,15947.095485485217,1.0,17.0,209950.0,,,5309.0,287047.7187387339,436120.1494527434,0.5900000000000002,5309.0,,,,,,,,,,,,0,
25,52,necessity,508834.4337739733,0.0,57.54518348234778,40790.06102936753,1.0,18.0,22573.0,,,5309.0,693431.0374992479,184596.60372527462,0.6550000000000002,5309.0,,,,,,,,,,,,0,
26,52,necessity,-129820.50746312045,0.0,138.5767805926262,16972.63217265469,1.0,17.0,208418.0,,,5309.0,305507.37910778436,435327.8865709048,0.6900000000000003,5309.0,,,,,,,,,,,,0,
27,52,necessity,551107.524440978,0.0,59.28370866308336,43276.713421544264,1.0,18.0,384730.0,,,5309.0,735704.1281662525,184596.60372527462,0.7050000000000003,5309.0,,,,,,,,,,,,0,
28,52,necessity,-103085.78791756474,0.0,137.7265483103322,17485.400516239417,1.0,17.0,197102.0,,,5309.0,314737.20929230953,417822.9972098743,0.7500000000000003,5309.0,,,,,,,,,,,,0,
29,52,necessity,546593.6412542791,0.0,62.41305398840741,43011.190881150214,1.0,18.0,398639.0,,,5309.0,731190.2449795536,184596.60372527462,0.7950000000000004,5309.0,,,,,,,,,,,,0,
10,4,necessity,231030.01810189,790.7000000000007,667.2928024750796,13431.866591813536,0.1,59.0,1381.0,,,8497.0,779048.2623251851,548018.2442232951,0.035,850.0,,,,,,,,,,,,0,
16,4,necessity,-321071.296289033,2134.7000000000007,1166.1446652665811,11005.62635958441,0.1,59.0,469.0,,,8497.0,660337.5815750646,981408.8778640976,0.01,850.0,,,,,,,,,,,,0,
17,4,necessity,-75109.69190567837,2515.7000000000007,739.1198289126378,9269.861830678416,0.1,58.0,936.0,,,8497.0,546921.8480100265,622031.5399157049,0.01,850.0,,,,,,,,,,,,0,
18,4,necessity,256192.2350555283,2429.7000000000007,517.6237218084048,11927.864825210845,0.1,59.0,1280.0,,,8497.0,691816.159862229,435623.9248067007,0.01,850.0,,,,,,,,,,,,0,
19,4,necessity,-112101.52518341888,1999.7000000000007,925.0350429524876,11229.802778216239,0.1,58.0,621.0,,,8497.0,662558.3639147581,774659.889098177,0.015,850.0,,,,,,,,,,,,0,
20,4,necessity,138822.8368667941,2228.7000000000007,517.6237218084048,9904.25451161198,0.1,57.0,1336.0,,,8497.0,574446.7616734948,435623.9248067007,0.01,850.0,,,,,,,,,,,,0,
21,4,necessity,465382.4445948875,1742.7000000000007,272.7257866611106,12132.373549754891,0.1,58.0,3912.0,,,8497.0,691545.2923360288,226162.84774114128,0.025,850.0,,,,,,,,,,,,0,
29,4,necessity,-307916.32381440664,3670.0,775.2085286742936,5838.760917868894,0.1,58.0,777.0,,,8497.0,344486.8941542647,652403.2179686713,0.01,850.0,,,,,,,,,,,,0,
30,4,necessity,147373.55457664875,3743.0,540.603654570243,10385.121151378036,0.1,59.0,691.0,,,8497.0,602337.0267799261,454963.4722032774,0.01,850.0,,,,,,,,,,,,0,
10,6,necessity,21436.598842131614,2769.7999999999993,826.597288233328,4929.776616349914,0.1,94.0,728.0,,,5338.0,458469.22532054194,437032.6264784103,0.01,534.0,,,,,,,,,,,,0,
11,6,necessity,-171199.75346480915,2575.7999999999993,1461.9704187821876,6401.732189721944,0.1,95.0,294.0,,,5338.0,601762.8258338628,772962.5792986719,0.01,534.0,,,,,,,,,,,,0,
12,6,necessity,-818078.1966559578,2815.7999999999993,2360.2555663210574,4524.4137170732965,0.1,94.0,156.0,,,5338.0,429819.30312196317,1247897.499777921,0.01,534.0,,,,,,,,,,,,0,
13,6,necessity,-404762.71095258696,3193.7999999999993,1461.9704187821876,3917.0198760221806,0.1,93.0,314.0,,,5338.0,368199.86834608496,772962.5792986719,0.01,534.0,,,,,,,,,,,,0,
14,6,necessity,22026.08501919656,3413.7999999999993,826.597288233328,4936.115177393623,0.1,94.0,69.0,,,5338.0,459058.7114976069,437032.6264784103,0.01,534.0,,,,,,,,,,,,0,
15,6,necessity,-722151.8296041543,3878.7999999999993,1473.7432798566165,606.7575839159535,0.1,93.0,213.0,,,5338.0,57035.21288809963,779187.0424922539,0.01,534.0,,,,,,,,,,,,0,
16,6,necessity,-123125.307868951,4199.799999999999,826.597288233328,3375.34751192967,0.1,94.0,660.0,,,5338.0,313907.3186094593,437032.6264784103,0.01,534.0,,,,,,,,,,,,0,
17,6,necessity,-170312.53443470527,4073.7999999999993,1353.9801699651848,5803.768193978686,0.1,95.0,423.0,,,5338.0,545554.2102339965,715866.7446687018,0.01,534.0,,,,,,,,,,,,0,
18,6,necessity,-614325.5761167442,4184.799999999999,2245.186849526125,6028.774862055508,0.1,96.0,50.0,,,5338.0,572733.6118952732,1187059.1880120174,0.01,534.0,,,,,,,,,,,,0,
19,6,necessity,-1257613.3913456344,4668.799999999999,2590.9577875827754,1169.3681507948568,0.1,95.0,44.0,,,5338.0,112259.34247630625,1369872.7338219406,0.01,534.0,,,,,,,,,,,,0,
20,6,necessity,-784678.147824983,5158.799999999999,1699.7511080218358,1200.0225542488645,0.1,96.0,268.0,,,5338.0,114002.14265364212,898680.2904786251,0.01,534.0,,,,,,,,,,,,0,
21,6,necessity,-731860.1380026059,5424.799999999999,2245.8190394310177,4745.138509894291,0.1,97.0,203.0,,,5338.0,455533.29694985197,1187393.434952458,0.01,534.0,,,,,,,,,,,,0,
22,6,necessity,-1231736.4520756362,5755.799999999999,3191.973953293933,4700.013041283471,0.1,96.0,153.0,,,5338.0,455901.2650044966,1687637.7170801328,0.01,534.0,,,,,,,,,,,,0,
23,6,necessity,-699021.4200984861,6136.799999999999,2245.8190394310177,5087.208488062205,0.1,97.0,317.0,,,5338.0,488372.0148539717,1187393.434952458,0.01,534.0,,,,,,,,,,,,0,
24,6,necessity,-956664.2198887471,6353.799999999999,3155.9452074650153,7339.429231954975,0.1,98.0,243.0,,,5338.0,711924.6354996326,1668588.8553883797,0.01,534.0,,,,,,,,,,,,0,
25,6,necessity,-1116094.966245052,6644.799999999999,3561.4598213748714,7825.455973612231,0.1,99.0,208.0,,,5338.0,766894.6854139987,1882989.6516590505,0.01,534.0,,,,,,,,,,,,0,
26,6,necessity,-1471297.1004561586,6970.799999999999,4183.898027249542,7482.663059050235,0.1,98.0,208.0,,,5338.0,740783.6428459733,2212080.743302132,0.01,534.0,,,,,,,,,,,,0,
27,6,necessity,-860634.5331983058,7296.799999999999,3273.7718592155447,8880.110098652089,0.1,99.0,287.0,,,5338.0,870250.7896679047,1730885.3228662105,0.01,534.0,,,,,,,,,,,,0,
28,6,necessity,-1366015.7536265352,7543.799999999999,4360.756845754408,9490.631551463246,0.1,100.0,65.0,,,5338.0,939572.5235948614,2305588.2772213966,0.01,534.0,,,,,,,,,,,,0,
29,6,necessity,-2208922.1403661645,8012.799999999999,4714.035662883085,2834.491949740365,0.1,99.0,96.0,,,5338.0,283449.1949740365,2492371.335340201,0.01,534.0,,,,,,,,,,,,0,
30,6,necessity,-1465120.9573482387,8450.8,3627.0506763442213,4571.186097341173,0.1,100.0,68.0,,,5338.0,452547.42363677616,1917668.3809850148,0.01,534.0,,,,,,,,,,,,0,
