data/saved_data/run_2025_04_30_1649_no_targetdemand_no_stickiness/firm_data.csv
Step,AgentID,FirmType,Profit,Inventory,ProductPrice,RevenuePerEmployee,ProductionLevel,NumEmployees,DemandReceived,InventoryDemandRatio,SellThroughRate,ProductionCapacity,Revenue,Costs,Markup,ProducedUnits,IncomeBracket,NumPeople,SpendRatio,PostTaxIncome,HouseholdExpense,HouseholdSavings,HealthLevel,Welfare,SkillLevel,SkillType,JobLevel,IsEmployed,Wage
12,48,necessity,-100977.09826441552,0.0,98.40929711753977,9306.673694040874,1.0,32.0,301202.0,,,5080.0,307120.2319033488,408097.33016776433,0.22500000000000003,5080.0,,,,,,,,,,,,0,
13,48,necessity,336542.8862250374,0.0,41.487299724188205,15622.475917409438,1.0,33.0,634440.0,,,5080.0,499919.229357102,163376.34313206465,0.29000000000000004,5080.0,,,,,,,,,,,,0,
14,48,necessity,-201266.98954891282,0.0,107.46649123786491,6386.529775723518,1.0,32.0,225298.0,,,5080.0,210755.4825988761,412022.4721477889,0.325,5080.0,,,,,,,,,,,,0,
15,48,necessity,382553.4323562891,0.0,44.70336947024931,17060.305484011056,1.0,33.0,595302.0,,,5080.0,545929.7754883538,163376.34313206465,0.39,5080.0,,,,,,,,,,,,0,
16,48,necessity,-166980.49265500394,0.0,110.54230187361674,6881.609603298984,1.0,32.0,240968.0,,,5080.0,227093.11690886648,394073.6095638704,0.425,5080.0,,,,,,,,,,,,0,
17,48,necessity,398178.55038590834,0.0,47.597832241704296,17548.590422436657,1.0,33.0,513670.0,,,5080.0,561554.893517973,163376.34313206465,0.48,5080.0,,,,,,,,,,,,0,
18,48,necessity,-156780.42648305057,0.0,117.29788075151775,7327.181448116904,1.0,32.0,219186.0,,,5080.0,241796.98778785783,398577.4142709084,0.495,5080.0,,,,,,,,,,,,0,
19,48,necessity,432496.89108564553,0.0,49.527474089340956,18621.038569303444,1.0,33.0,602239.0,,,5080.0,595873.2342177102,163376.34313206465,0.54,5080.0,,,,,,,,,,,,0,
20,48,necessity,-171312.20494543534,0.0,129.45429279173968,7624.229344662183,1.0,32.0,3568.0,,,5080.0,251599.56837385206,422911.7733192874,0.555,5080.0,,,,,,,,,,,,0,
21,48,necessity,298516.5735488625,1512.0,51.13550896237151,14434.153646278974,1.0,33.0,554933.0,,,5080.0,461892.91668092716,163376.34313206465,0.5900000000000001,5080.0,,,,,,,,,,,,0,
22,48,necessity,-69990.1947788737,0.0,128.6134112194495,10214.705305453122,1.0,32.0,199489.0,,,5080.0,337085.275079953,407075.4698588267,0.6050000000000001,5080.0,,,,,,,,,,,,0,
23,48,necessity,489979.78586273873,0.0,53.06515081000817,20417.379031087607,1.0,33.0,537472.0,,,5080.0,653356.1289948034,163376.34313206465,0.6500000000000001,5080.0,,,,,,,,,,,,0,
24,48,necessity,-154942.6684264866,0.0,139.9725074245575,8168.817154995198,1.0,32.0,3504.0,,,5080.0,269570.9661148415,424513.6345413281,0.6750000000000002,5080.0,,,,,,,,,,,,0,
25,48,necessity,327087.3228835849,1576.0,55.31639963225095,15326.989562989047,1.0,33.0,480967.0,,,5080.0,490463.6660156495,163376.34313206465,0.7200000000000002,5080.0,,,,,,,,,,,,0,
26,48,necessity,-35844.14177618921,0.0,138.78592921207914,11157.150180371586,1.0,32.0,191152.0,,,5080.0,368185.95595226233,404030.09772845154,0.7450000000000002,5080.0,,,,,,,,,,,,0,
27,48,necessity,541656.1772652974,0.0,57.56764845449372,22032.266262417565,1.0,33.0,497389.0,,,5080.0,705032.5203973621,163376.34313206465,0.7900000000000003,5080.0,,,,,,,,,,,,0,
28,48,necessity,-154520.8102892426,0.0,159.6930123613003,8861.928913600852,1.0,32.0,180.0,,,5080.0,292443.6541488281,446964.4644380707,0.8150000000000003,5080.0,,,,,,,,,,,,0,
29,48,necessity,-134631.6009070306,4900.0,57.24604147988761,898.2731945323142,1.0,31.0,506797.0,,,5080.0,28744.742225034053,163376.34313206465,0.7800000000000002,5080.0,,,,,,,,,,,,0,
12,50,necessity,-88190.57414734352,2392.0,775.4251529148927,9155.568674869659,0.1,26.0,629.0,,,4132.0,228889.21687174146,317079.791019085,0.01,413.0,,,,,,,,,,,,0,
13,50,necessity,-68276.11117200518,2176.0,1359.754761063614,18759.323891671826,0.1,27.0,463.0,,,4132.0,487742.4211834675,556018.5323554727,0.01,413.0,,,,,,,,,,,,0,
14,50,necessity,-175455.56343055493,2126.0,1968.6979080201947,23317.27608786864,0.1,28.0,379.0,,,4132.0,629566.4543724533,805022.0178030082,0.01,413.0,,,,,,,,,,,,0,
15,50,necessity,-459095.9025477221,2160.0,2947.4206557792468,26647.73239784478,0.1,29.0,231.0,,,4132.0,746136.5071396538,1205232.4096873759,0.01,413.0,,,,,,,,,,,,0,
16,50,necessity,-678213.9927668303,2342.0,3323.6291587668898,23477.7300512071,0.1,28.0,77.0,,,4132.0,680854.171485006,1359068.1642518362,0.01,413.0,,,,,,,,,,,,0,
17,50,necessity,-702938.3271424181,2678.0,2344.9064110078375,9139.980186608946,0.1,27.0,462.0,,,4132.0,255919.4452250505,958857.7723674686,0.01,413.0,,,,,,,,,,,,0,
18,50,necessity,363427.7308545399,2629.0,1760.5768028591162,40123.954143911884,0.1,28.0,131.0,,,4132.0,1083346.761885621,719919.031031081,0.01,413.0,,,,,,,,,,,,0,
19,50,necessity,-710312.01143496,2911.0,2301.1066489939285,8236.984327662294,0.1,27.0,161.0,,,4132.0,230635.56117454421,940947.5726095042,0.01,413.0,,,,,,,,,,,,0,
20,50,necessity,-349440.8605430585,3163.0,1760.5768028591162,13721.413721778612,0.1,28.0,228.0,,,4132.0,370478.1704880225,719919.031031081,0.01,413.0,,,,,,,,,,,,0,
21,50,necessity,-561943.5872231068,3348.0,2355.9047140480156,14336.125394709947,0.1,29.0,194.0,,,4132.0,401411.5110518785,963355.0982749853,0.01,413.0,,,,,,,,,,,,0,
22,50,necessity,-860271.7160422252,3567.0,3221.5263914084485,15760.190156045346,0.1,30.0,17.0,,,4132.0,457045.514525315,1317317.2305675403,0.01,413.0,,,,,,,,,,,,0,
23,50,necessity,-1504419.0231599102,3963.0,3813.0189291016304,1825.5316217981208,0.1,29.0,244.0,,,4132.0,54765.948653943626,1559184.9718138538,0.01,413.0,,,,,,,,,,,,0,
24,50,necessity,-274846.2208205011,4132.0,2947.3972517411976,32081.95236899303,0.1,30.0,116.0,,,4132.0,930376.6187007978,1205222.8395212989,0.01,413.0,,,,,,,,,,,,0,
25,50,necessity,-1221401.2099635305,4429.0,3823.080581729017,11396.60270673263,0.1,29.0,149.0,,,4132.0,341898.0812019789,1563299.2911655095,0.01,413.0,,,,,,,,,,,,0,
26,50,necessity,-635583.8328436754,4693.0,2947.3972517411976,19642.724368193914,0.1,30.0,57.0,,,4132.0,569639.0066776235,1205222.8395212989,0.01,413.0,,,,,,,,,,,,0,
27,50,necessity,-1404114.2946580874,5049.0,3844.6418729849083,5600.054778308276,0.1,29.0,238.0,,,4132.0,168001.64334924828,1572115.9380073356,0.01,413.0,,,,,,,,,,,,0,
28,50,necessity,-290198.0737508907,5224.0,2947.3972517411976,31552.578130014077,0.1,30.0,231.0,,,4132.0,915024.7657704082,1205222.8395212989,0.01,413.0,,,,,,,,,,,,0,
29,50,necessity,-888306.2118260125,5406.0,3837.400781865885,22694.958838407223,0.1,29.0,126.0,,,4132.0,680848.7651522167,1569154.9769782291,0.01,413.0,,,,,,,,,,,,0,
12,51,necessity,-5827.722659120627,1188.6000000000004,1021.4860418020622,6617.4442421798885,0.1,53.0,365.0,,,3456.0,344107.1005933542,349934.82325247483,0.01,346.0,,,,,,,,,,,,0,
13,51,necessity,-250184.17948627745,1169.6000000000004,1818.6614126381764,7034.762363353824,0.1,54.0,31.0,,,3456.0,372842.4052577527,623026.5847440301,0.01,346.0,,,,,,,,,,,,0,
14,51,necessity,-806964.1241719925,1484.6000000000004,2520.1619992001497,1044.0463665145087,0.1,53.0,112.0,,,3456.0,56378.50379178347,863342.627963776,0.01,346.0,,,,,,,,,,,,0,
15,51,necessity,-340768.4408336134,1718.6000000000004,1818.6614126381764,5325.625356800316,0.1,54.0,219.0,,,3456.0,282258.14391041675,623026.5847440301,0.01,346.0,,,,,,,,,,,,0,
16,51,necessity,-467863.9728260927,1845.6000000000004,2528.3593291544294,7375.682395699271,0.1,55.0,56.0,,,3456.0,398286.84936776065,866150.8221938533,0.01,346.0,,,,,,,,,,,,0,
17,51,necessity,-1110456.995450487,2135.6000000000004,3654.8137728530414,2574.329498775419,0.1,54.0,147.0,,,3456.0,141588.12243264803,1252045.1178831349,0.01,346.0,,,,,,,,,,,,0,
18,51,necessity,-328893.1975844562,2334.6000000000004,2528.3593291544294,9949.215270544391,0.1,55.0,191.0,,,3456.0,537257.6246093971,866150.8221938533,0.01,346.0,,,,,,,,,,,,0,
19,51,necessity,-764341.6121066406,2489.6000000000004,3640.840528248692,8780.302397609019,0.1,54.0,161.0,,,3456.0,482916.631868496,1247258.2439751367,0.01,346.0,,,,,,,,,,,,0,
20,51,necessity,-279975.4971458139,2674.6000000000004,2528.3593291544294,10855.098612000731,0.1,55.0,79.0,,,3456.0,586175.3250480394,866150.8221938533,0.01,346.0,,,,,,,,,,,,0,
21,51,necessity,-1046777.2838748279,2941.6000000000004,3638.678739734478,3631.6434000581803,0.1,54.0,317.0,,,3456.0,199740.38700319992,1246517.6708780278,0.01,346.0,,,,,,,,,,,,0,
22,51,necessity,287310.3383019762,2970.6000000000004,2528.3593291544294,21360.39186103388,0.1,55.0,329.0,,,3456.0,1153461.1604958295,866150.8221938533,0.01,346.0,,,,,,,,,,,,0,
23,51,necessity,-411883.8438275672,2987.6000000000004,3684.4130376096696,15124.185805305588,0.1,54.0,155.0,,,3456.0,831830.2192918073,1243714.0631193744,0.025,346.0,,,,,,,,,,,,0,
24,51,necessity,-295066.80136435456,3178.6000000000004,2528.3593291544294,10575.630015361088,0.1,53.0,295.0,,,3456.0,571084.0208294988,866150.8221938533,0.01,346.0,,,,,,,,,,,,0,
25,51,necessity,122839.41735652648,3229.6000000000004,1818.6614126381764,14072.943435859559,0.1,54.0,346.0,,,3456.0,745866.0021005566,623026.5847440301,0.01,346.0,,,,,,,,,,,,0,
26,51,necessity,-235540.53920688108,3229.6000000000004,2561.899769125094,11652.90460690387,0.1,53.0,99.0,,,3456.0,629256.848772809,864797.3879796901,0.025,346.0,,,,,,,,,,,,0,
27,51,necessity,-369398.5076006459,3476.6000000000004,1818.6614126381764,4785.435417799704,0.1,52.0,94.0,,,3456.0,253628.0771433843,623026.5847440301,0.01,346.0,,,,,,,,,,,,0,
28,51,necessity,-178980.65046448624,3728.6000000000004,1021.4860418020622,3287.5802459228576,0.1,51.0,478.0,,,3456.0,170954.1727879886,349934.82325247483,0.01,346.0,,,,,,,,,,,,0,
29,51,necessity,295507.8171577946,3596.6000000000004,562.6882525119618,9573.927999635014,0.1,52.0,613.0,,,3456.0,488270.32798138575,192762.51082359112,0.01,346.0,,,,,,,,,,,,0,
12,56,necessity,-82850.84630470804,0.0,85.19686212269437,8263.76618503825,1.0,45.0,307504.0,,,5706.0,380133.2445117595,462984.09081646753,0.05000000000000001,5706.0,,,,,,,,,,,,0,
13,56,necessity,284019.8774924512,0.0,39.494647876762556,10802.962117157645,1.0,46.0,698836.0,,,5706.0,486133.2952720941,202113.41777964288,0.11500000000000002,5706.0,,,,,,,,,,,,0,
14,56,necessity,-202910.70605875185,0.0,86.313922499786,4899.053495321895,1.0,45.0,335735.0,,,5706.0,225356.46078480716,428267.166843559,0.15000000000000002,5706.0,,,,,,,,,,,,0,
15,56,necessity,290393.824004136,0.0,43.036768762570865,10944.605372972865,1.0,46.0,620368.0,,,5706.0,492507.24178377894,202113.41777964288,0.21500000000000002,5706.0,,,,,,,,,,,,0,
16,56,necessity,-228402.54085191007,0.0,103.83156837716311,5338.43049041803,1.0,45.0,257428.0,,,5706.0,245567.80255922937,473970.34341113945,0.25,5706.0,,,,,,,,,,,,0,
17,56,necessity,390349.51138044987,0.0,46.22467755979833,13165.842870224284,1.0,46.0,513934.0,,,5706.0,592462.9291600927,202113.41777964288,0.305,5706.0,,,,,,,,,,,,0,
18,56,necessity,-207902.33597353467,0.0,109.11175197724332,5733.8697860045495,1.0,45.0,214478.0,,,5706.0,263758.0101562093,471660.34612974396,0.32,5706.0,,,,,,,,,,,,0,
19,56,necessity,420478.23900250753,0.0,48.34995009128331,13835.370150714452,1.0,46.0,484810.0,,,5706.0,622591.6567821504,202113.41777964288,0.365,5706.0,,,,,,,,,,,,0,
20,56,necessity,-157244.605842962,0.0,104.75264650601562,5997.49598306223,1.0,45.0,228352.0,,,5706.0,275884.81522086257,433129.42106382456,0.38,5706.0,,,,,,,,,,,,0,
21,56,necessity,395605.18318368227,0.0,50.47522262276829,13282.63557696278,1.0,46.0,503360.0,,,5706.0,597718.6009633251,202113.41777964288,0.42500000000000004,5706.0,,,,,,,,,,,,0,
22,56,necessity,-183881.08789866086,0.0,119.91665382880119,6261.12218011991,1.0,45.0,238192.0,,,5706.0,288011.62028551585,471892.7081841767,0.45000000000000007,5706.0,,,,,,,,,,,,0,
23,56,necessity,482131.0089674967,0.0,53.30891933141494,15205.43170549199,1.0,46.0,494904.0,,,5706.0,684244.4267471395,202113.41777964288,0.5050000000000001,5706.0,,,,,,,,,,,,0,
24,56,necessity,-180877.54482358036,0.0,130.06293459844852,6612.623776196819,1.0,45.0,209790.0,,,5706.0,304180.69370505365,485058.238528634,0.5300000000000001,5706.0,,,,,,,,,,,,0,
25,56,necessity,540025.6870391044,0.0,56.14261604006158,16491.980107083273,1.0,46.0,431361.0,,,5706.0,742139.1048187473,202113.41777964288,0.5850000000000002,5706.0,,,,,,,,,,,,0,
26,56,necessity,-179519.0882426449,0.0,141.04256168948615,6964.125372273726,1.0,45.0,177526.0,,,5706.0,320349.7671245914,499868.8553672363,0.6100000000000002,5706.0,,,,,,,,,,,,0,
27,56,necessity,602675.4392205651,0.0,58.622100660127394,17884.196822226844,1.0,46.0,436259.0,,,5706.0,804788.857000208,202113.41777964288,0.6550000000000002,5706.0,,,,,,,,,,,,0,
28,56,necessity,-98209.44695974578,0.0,126.6422968679461,7271.68926884102,1.0,45.0,220476.0,,,5706.0,334497.7063666869,432707.1533264327,0.6700000000000003,5706.0,,,,,,,,,,,,0,
29,56,necessity,520507.52814885764,0.0,60.747373191612375,16058.243242855566,1.0,46.0,470376.0,,,5706.0,722620.9459285005,202113.41777964288,0.7150000000000003,5706.0,,,,,,,,,,,,0,
12,81,luxury,413853.25957276963,55.0,4928.496265725779,270082.41672671214,1.0,4.0,190.0,,,324.0,1350412.0836335607,936558.824060791,0.7050000000000001,324.0,,,,,,,,,,,,0,
13,81,luxury,178883.466427107,189.0,3974.698755952612,234103.5726219745,1.0,3.0,557.0,,,324.0,936414.290487898,757530.824060791,0.7000000000000001,324.0,,,,,,,,,,,,0,
14,81,luxury,1460517.637742899,0.0,3097.846903233413,679673.4872678966,1.0,4.0,627.0,,,324.0,2039020.4618036898,578502.824060791,0.7350000000000001,324.0,,,,,,,,,,,,0,
15,81,luxury,57693.12111358589,0.0,5255.607070079212,250925.59916190643,1.0,3.0,356.0,,,324.0,1003702.3966476257,946009.2755340398,0.8,324.0,,,,,,,,,,,,0,
16,81,luxury,1124313.8666448733,0.0,3303.179695090382,567605.5635685548,1.0,4.0,874.0,,,324.0,1702816.6907056645,578502.824060791,0.8500000000000001,324.0,,,,,,,,,,,,0,
17,81,luxury,60499.91467918432,0.0,5874.511178810885,267557.555302321,1.0,3.0,610.0,,,324.0,1070230.221209284,1009730.3065300996,0.8850000000000001,324.0,,,,,,,,,,,,0,
18,81,luxury,1324838.7978739357,0.0,3481.729948879052,634447.2073115757,1.0,4.0,840.0,,,324.0,1903341.6219347268,578502.824060791,0.9500000000000002,324.0,,,,,,,,,,,,0,
19,81,luxury,300940.94441276987,0.0,5067.506233318577,282020.12585920317,1.0,3.0,436.0,,,324.0,1128080.5034368127,827139.5590240428,0.9850000000000002,324.0,,,,,,,,,,,,0,
20,81,luxury,1063369.1955344277,0.0,3660.2802026677214,547290.6731984062,1.0,4.0,652.0,,,324.0,1641872.0195952188,578502.824060791,1.0500000000000003,324.0,,,,,,,,,,,,0,
21,81,luxury,366494.604854363,0.0,5247.932314607326,296482.6964160854,1.0,3.0,282.0,,,324.0,1185930.7856643416,819436.1808099786,1.0750000000000002,324.0,,,,,,,,,,,,0,
22,81,luxury,901414.0886584747,42.0,3749.5553295620557,493305.6375730886,1.0,4.0,699.0,,,324.0,1479916.9127192658,578502.824060791,1.1,324.0,,,,,,,,,,,,0,
23,81,luxury,515206.23377318494,0.0,5595.160787145817,343084.3126549281,1.0,3.0,299.0,,,324.0,1372337.2506197123,857131.0168465273,1.115,324.0,,,,,,,,,,,,0,
24,81,luxury,1094450.2512958082,25.0,3856.685481835257,557651.0251188665,1.0,4.0,473.0,,,324.0,1672953.0753565994,578502.824060791,1.16,324.0,,,,,,,,,,,,0,
25,81,luxury,402540.1084420101,0.0,6362.417349220658,336495.8082901262,1.0,3.0,275.0,,,324.0,1345983.2331605048,943443.1247184947,1.1849999999999998,324.0,,,,,,,,,,,,0,
26,81,luxury,1171161.9469748898,49.0,3945.9606087295915,583221.590345227,1.0,4.0,233.0,,,324.0,1749664.771035681,578502.824060791,1.2099999999999997,324.0,,,,,,,,,,,,0,
27,81,luxury,76150.83342018258,140.0,5686.786108016646,229852.2054584987,1.0,3.0,300.0,,,324.0,919408.8218339948,843257.9884138122,1.1849999999999998,324.0,,,,,,,,,,,,0,
28,81,luxury,1127533.0083442028,164.0,3919.178070661291,568678.6108016645,1.0,4.0,613.0,,,324.0,1706035.8324049937,578502.824060791,1.1949999999999998,324.0,,,,,,,,,,,,0,
29,81,luxury,1073068.15881042,0.0,5803.886577351984,478139.7246206775,1.0,3.0,304.0,,,324.0,1912558.89848271,839490.7396722899,1.2399999999999998,324.0,,,,,,,,,,,,0,
